 mcu_dfu

 Timestamp is 592281f3 (Mon May 22 14:15:15 2017)

 Preferred load address is 0000000140000000

 Start         Length     Name                   Class
 0001:00000000 00011670H .text$mn                CODE
 0001:00011670 00001020H .text$mn$00             CODE
 0001:00012690 000010f1H .text$x                 CODE
 0002:00000000 00000110H .CRT$XCA                DATA
 0002:00000110 00000110H .CRT$XCAA               DATA
 0002:00000220 00000110H .CRT$XCZ                DATA
 0002:00000330 00000110H .CRT$XIA                DATA
 0002:00000440 00000110H .CRT$XIAA               DATA
 0002:00000550 00000110H .CRT$XIAC               DATA
 0002:00000660 00000110H .CRT$XIZ                DATA
 0002:00000770 00000110H .CRT$XPA                DATA
 0002:00000880 00000110H .CRT$XPZ                DATA
 0002:00000990 00000110H .CRT$XTA                DATA
 0002:00000aa0 00000110H .CRT$XTZ                DATA
 0002:00000bb0 000024ecH .rdata                  DATA
 0002:0000309c 0000018cH .rdata$zzzdbg           DATA
 0002:00003228 00000110H .rtc$IAA                DATA
 0002:00003338 00000370H .rtc$IMZ                DATA
 0002:000036a8 00000110H .rtc$IZZ                DATA
 0002:000037b8 00000110H .rtc$TAA                DATA
 0002:000038c8 00000370H .rtc$TMZ                DATA
 0002:00003c38 00000110H .rtc$TZZ                DATA
 0002:00003d48 0000118cH .xdata                  DATA
 0002:00004ed4 00000000H .edata                  DATA
 0003:00000000 00001a40H .data                   DATA
 0003:00001a40 000018b9H .bss                    DATA
 0004:00000000 00001314H .pdata                  DATA
 0005:00000000 00000468H .idata$5                DATA
 0005:00000468 0000003cH .idata$2                DATA
 0005:000004a4 00000014H .idata$3                DATA
 0005:000004b8 00000468H .idata$4                DATA
 0005:00000920 00000843H .idata$6                DATA
 0006:00000000 00000136H .gfids$y                DATA
 0007:00000000 0000011bH .00cfg                  DATA
 0008:00000000 00000170H .rsrc$01                DATA
 0008:00000170 000002ccH .rsrc$02                DATA

  Address         Publics by Value              Rva+Base               Lib:Object

 0000:00000000       __dynamic_value_reloc_table 0000000000000000     <absolute>
 0000:00000000       __guard_iat_table          0000000000000000     <absolute>
 0000:00000000       ___safe_se_handler_count   0000000000000000     <absolute>
 0000:00000000       __guard_longjmp_table      0000000000000000     <absolute>
 0000:00000000       ___safe_se_handler_table   0000000000000000     <absolute>
 0000:00000000       __guard_fids_count         0000000000000000     <absolute>
 0000:00000000       __guard_fids_table         0000000000000000     <absolute>
 0000:00000000       __guard_longjmp_count      0000000000000000     <absolute>
 0000:00000000       __guard_iat_count          0000000000000000     <absolute>
 0000:00000100       __guard_flags              0000000000000100     <absolute>
 0000:00000000       __ImageBase                0000000140000000     <linker-defined>
 0001:00000ce0       BCSPwritePacket            0000000140001ce0 f   api.obj
 0001:00000d30       BCSPreadPacket             0000000140001d30 f   api.obj
 0001:00000d80       BCSPopenChannel            0000000140001d80 f   api.obj
 0001:00000e40       BCinitTransferRequest      0000000140001e40 f   api.obj
 0001:00000ea0       BCreloadTransferRequest    0000000140001ea0 f   api.obj
 0001:00000ee0       userAddTransferRequest     0000000140001ee0 f   api.obj
 0001:00001040       initialiseStack            0000000140002040 f   bcspstack.obj
 0001:000010c0       numBytesInTransmitBuffer   00000001400020c0 f   bcspstack.obj
 0001:00001100       numFreeSlotsInReceiveBuffer 0000000140002100 f   bcspstack.obj
 0001:00001140       readByteFromTransmitBuffer 0000000140002140 f   bcspstack.obj
 0001:00001190       writeByteToReceiveBuffer   0000000140002190 f   bcspstack.obj
 0001:000011e0       readFromTransmitBuffer     00000001400021e0 f   bcspstack.obj
 0001:00001240       writeToReceiveBuffer       0000000140002240 f   bcspstack.obj
 0001:000012a0       BCSPLinkEstablished        00000001400022a0 f   bcspstack.obj
 0001:000012c0       BCSPaddPacket              00000001400022c0 f   bcspstack.obj
 0001:000013b0       btrace                     00000001400023b0 f   btrace.obj
 0001:000013d0       plainbtrace                00000001400023d0 f   btrace.obj
 0001:00001450       openDebugLog               0000000140002450 f   btrace.obj
 0001:000014d0       __local_stdio_printf_options 00000001400024d0 f i btrace.obj
 0001:000014e0       _vfprintf_l                00000001400024e0 f i btrace.obj
 0001:00001550       printf                     0000000140002550 f i btrace.obj
 0001:00001600       numFreeSlotsInByteBuffer   0000000140002600 f   bytebuffer.obj
 0001:00001630       numEntriesInByteBuffer     0000000140002630 f   bytebuffer.obj
 0001:00001650       writeToByteBuffer          0000000140002650 f   bytebuffer.obj
 0001:00001750       writeByteToByteBuffer      0000000140002750 f   bytebuffer.obj
 0001:00001820       readFromByteBuffer         0000000140002820 f   bytebuffer.obj
 0001:00001950       readByteFromByteBuffer     0000000140002950 f   bytebuffer.obj
 0001:00001a20       peekAtByteInByteBuffer     0000000140002a20 f   bytebuffer.obj
 0001:00001a80       SYNCBLKwaitForFreeSlotsInByteBuffer 0000000140002a80 f   bytebuffer.obj
 0001:00001b00       SYNCBLKwaitForEntriesInByteBuffer 0000000140002b00 f   bytebuffer.obj
 0001:00001cc0       getCallbackType            0000000140002cc0 f   channelcontrol.obj
 0001:00001d20       getProtocolType            0000000140002d20 f   channelcontrol.obj
 0001:00001d80       openChannel                0000000140002d80 f   channelcontrol.obj
 0001:00001e80       initCRC                    0000000140002e80 f   crc.obj
 0001:00001ea0       updateCRC                  0000000140002ea0 f   crc.obj
 0001:00001f40       rev16                      0000000140002f40 f   crc.obj
 0001:00001fc0       getBigEndianCRC            0000000140002fc0 f   crc.obj
 0001:000020d0       getDefaultEnvironment      00000001400030d0 f   environment.obj
 0001:000020f0       getEnvironment             00000001400030f0 f   environment.obj
 0001:00002110       setEnvironment             0000000140003110 f   environment.obj
 0001:00002340       LinkEstablishmentSender    0000000140003340 f   linkstablishmententity.obj
 0001:000024f0       LinkEstablishmentReceive   00000001400034f0 f   linkstablishmententity.obj
 0001:00002a70       MUXSender                  0000000140003a70 f   muxsender.obj
 0001:00002c20       getAck                     0000000140003c20 f   packet.obj
 0001:00002c40       setAck                     0000000140003c40 f   packet.obj
 0001:00002ca0       getSeq                     0000000140003ca0 f   packet.obj
 0001:00002cc0       setSeq                     0000000140003cc0 f   packet.obj
 0001:00002d10       getProtocolId              0000000140003d10 f   packet.obj
 0001:00002d30       isUnreliable               0000000140003d30 f   packet.obj
 0001:00002db0       getLength                  0000000140003db0 f   packet.obj
 0001:00002dd0       setLength                  0000000140003dd0 f   packet.obj
 0001:00002e30       setProtocolId              0000000140003e30 f   packet.obj
 0001:00002e90       setProtocolType            0000000140003e90 f   packet.obj
 0001:00002ef0       packetHasCRC               0000000140003ef0 f   packet.obj
 0001:00002f40       calculateChecksum          0000000140003f40 f   packet.obj
 0001:00002fb0       getChecksum                0000000140003fb0 f   packet.obj
 0001:00002fd0       setPacketChecksum          0000000140003fd0 f   packet.obj
 0001:00003040       pktLen                     0000000140004040 f   packet.obj
 0001:00003060       setPacketHasCRC            0000000140004060 f   packet.obj
 0001:000031c0       addPacketToBuffer          00000001400041c0 f   packetbuffer.obj
 0001:00003210       SYNCBLKgetPacketFromBuffer 0000000140004210 f   packetbuffer.obj
 0001:00003260       ASYNCBLKgetPacketFromBuffer 0000000140004260 f   packetbuffer.obj
 0001:000032b0       SYNCBLKpeekAtPacketInBuffer 00000001400042b0 f   packetbuffer.obj
 0001:00003300       peekAtPacketInBuffer       0000000140004300 f   packetbuffer.obj
 0001:00003390       PacketDeliverer            0000000140004390 f   packetdeliverer.obj
 0001:00003710       returnPacketToPool         0000000140004710 f   packetpool.obj
 0001:00003820       SYNCBLKgetPacketFromPool   0000000140004820 f   packetpool.obj
 0001:00003a80       providePacketForPool       0000000140004a80 f   packetpool.obj
 0001:00003be0       addNodeToQueue             0000000140004be0 f   queue.obj
 0001:00003c80       SYNCBLKgetNodeFromQueue    0000000140004c80 f   queue.obj
 0001:00003d20       ASYNCBLKgetNodeFromQueue   0000000140004d20 f   queue.obj
 0001:00003dc0       peekAtNodeInQueue          0000000140004dc0 f   queue.obj
 0001:00003de0       SYNCBLKpeekAtNodeInQueue   0000000140004de0 f   queue.obj
 0001:00003e40       userAddNodeToQueue         0000000140004e40 f   queue.obj
 0001:00003eb0       schedGetNodeFromQueue      0000000140004eb0 f   queue.obj
 0001:00004000       Receiver                   0000000140005000 f   receiver.obj
 0001:00004280       RequestRouter              0000000140005280 f   requestrouter.obj
 0001:00004680       scheduler                  0000000140005680 f   scheduler.obj
 0001:00004860       isStackIdle                0000000140005860 f   scheduler.obj
 0001:00004900       immediateBlock             0000000140005900 f   scheduler.obj
 0001:00004990       unblock                    0000000140005990 f   scheduler.obj
 0001:00004a00       deferredBlock              0000000140005a00 f   scheduler.obj
 0001:00004a60       block                      0000000140005a60 f   scheduler.obj
 0001:00004ad0       grabUserTransferRequests   0000000140005ad0 f   scheduler.obj
 0001:00004d80       Resender                   0000000140005d80 f   sequencesender.obj
 0001:00004ec0       SequenceSender             0000000140005ec0 f   sequencesender.obj
 0001:00005090       BCSPshutdownStack          0000000140006090 f   shutdown.obj
 0001:00005310       disposePacket              0000000140006310 f   shutdown.obj
 0001:00005370       disposePacketBuffer        0000000140006370 f   shutdown.obj
 0001:000053e0       disposeTransferRequestQueue 00000001400063e0 f   shutdown.obj
 0001:00005520       setSignal                  0000000140006520 f   signal.obj
 0001:00005570       SYNCBLKwaitSignal          0000000140006570 f   signal.obj
 0001:000055c0       ASYNCBLKwaitSignal         00000001400065c0 f   signal.obj
 0001:00005640       bailOut                    0000000140006640 f   slipreceiver.obj
 0001:00005760       setupRcv                   0000000140006760 f   slipreceiver.obj
 0001:000057b0       SYNCBLKunstuffByte         00000001400067b0 f   slipreceiver.obj
 0001:000058c0       SYNCBLKreadAsManyBytesAsPossible 00000001400068c0 f   slipreceiver.obj
 0001:000059c0       SLIPReceiver               00000001400069c0 f   slipreceiver.obj
 0001:000061a0       setupTransmit              00000001400071a0 f   slipsender.obj
 0001:000061f0       SLIPstuffByte              00000001400071f0 f   slipsender.obj
 0001:000062c0       SYNCBLKsendAsManyBytesAsPossible 00000001400072c0 f   slipsender.obj
 0001:000063a0       SlipSender                 00000001400073a0 f   slipsender.obj
 0001:00006790       abortSLIPSend              0000000140007790 f   slipsender.obj
 0001:00006970       getDefaultStackConfiguration 0000000140007970 f   stackconfiguration.obj
 0001:00006990       getStackConfiguration      0000000140007990 f   stackconfiguration.obj
 0001:000069b0       setStackConfiguration      00000001400079b0 f   stackconfiguration.obj
 0001:000069f0       SYNCBLKwaitForTimer        00000001400079f0 f   timer.obj
 0001:00006ac0       checkAlarm                 0000000140007ac0 f   timer.obj
 0001:00006b70       wrapTime                   0000000140007b70 f   timer.obj
 0001:00006ba0       resetTimer                 0000000140007ba0 f   timer.obj
 0001:00006c30       isTimeAfter                0000000140007c30 f   timer.obj
 0001:00006d90       SYNCBLKgetTransferRequestFromQueue 0000000140007d90 f   transferrequest.obj
 0001:00006de0       addTransferRequestToQueue  0000000140007de0 f   transferrequest.obj
 0001:00006e30       SYNCBLKpeekAtHeadOfTransferRequestQueue 0000000140007e30 f   transferrequest.obj
 0001:00006e80       peekAtHeadOfTransferRequestQueue 0000000140007e80 f   transferrequest.obj
 0001:00006ec0       doCallback                 0000000140007ec0 f   transferrequest.obj
 0001:00006f40       ASYNCBLKgetTransferRequestFromQueue 0000000140007f40 f   transferrequest.obj
 0001:00007000       setXMITWindowSize          0000000140008000 f   xmitwindow.obj
 0001:00007020       addPacketToWindow          0000000140008020 f   xmitwindow.obj
 0001:000070e0       ASYNCBLKwaitForXMITWindowSpace 00000001400080e0 f   xmitwindow.obj
 0001:00007160       ASYNCBLKremoveFirstUnsentPacketFromWindow 0000000140008160 f   xmitwindow.obj
 0001:00007240       doesWindowContainUnacknowledgedPackets 0000000140008240 f   xmitwindow.obj
 0001:000072b0       rollbackXMITWindow         00000001400082b0 f   xmitwindow.obj
 0001:00007390       ReleaseXMITWindowAcknowledgedSlots 0000000140008390 f   xmitwindow.obj
 0001:000076b0       DoReconfigure              00000001400086b0 f   DFUEngineBase.obj
 0001:00007710       DoDownload                 0000000140008710 f   DFUEngineBase.obj
 0001:000079e0       DoManifest                 00000001400089e0 f   DFUEngineBase.obj
 0001:00007aa0       DoRecover                  0000000140008aa0 f   DFUEngineBase.obj
 0001:00007ba0       EnableHidMode              0000000140008ba0 f   DFUEngineBase.obj
 0001:00007bb0       DoConnect                  0000000140008bb0 f   DFUEngineBase.obj
 0001:00007c00       DoDFUIdle                  0000000140008c00 f   DFUEngineBase.obj
 0001:00007d30       DoDownloadStatus           0000000140008d30 f   DFUEngineBase.obj
 0001:00007e50       IsDFUMode                  0000000140008e50 f   DFUEngineBase.obj
 0001:00007f70       Do_After_Connect           0000000140008f70 f   DFUEngineBase.obj
 0001:00008410       Progress                   0000000140009410 f   DFUEngineBase.obj
 0001:00008430       ProgressCheck              0000000140009430 f   DFUEngineBase.obj
 0001:00008470       AccurateSleep              0000000140009470 f   DFUEngineBase.obj
 0001:00008920       Connect                    0000000140009920 f   DFURequest.obj
 0001:000089b0       Disconnect                 00000001400099b0 f   DFURequest.obj
 0001:000089f0       Reset                      00000001400099f0 f   DFURequest.obj
 0001:00008a70       GetInterfaceDFU            0000000140009a70 f   DFURequest.obj
 0001:00008af0       GetDevice                  0000000140009af0 f   DFURequest.obj
 0001:00008b60       GetFunct                   0000000140009b60 f   DFURequest.obj
 0001:00008bd0       GetState                   0000000140009bd0 f   DFURequest.obj
 0001:00008c30       GetStatus                  0000000140009c30 f   DFURequest.obj
 0001:00008ca0       ClrStatus                  0000000140009ca0 f   DFURequest.obj
 0001:00008cf0       Detach                     0000000140009cf0 f   DFURequest.obj
 0001:00008d60       Dnload                     0000000140009d60 f   DFURequest.obj
 0001:00008de0       PreDnload                  0000000140009de0 f   DFURequest.obj
 0001:00008e00       MapDFUStatus               0000000140009e00 f   DFURequest.obj
 0001:00008e40       CanAbort                   0000000140009e40 f   DFURequest.obj
 0001:00008eb0       CanClrStatus               0000000140009eb0 f   DFURequest.obj
 0001:00008f10       Abort                      0000000140009f10 f   DFURequest.obj
 0001:00008f60       RPCGetState                0000000140009f60 f   DFURequest.obj
 0001:00009040       RPCGetStatus               000000014000a040 f   DFURequest.obj
 0001:00009120       RPCDisconnect              000000014000a120 f   DFURequest.obj
 0001:00009160       PreRPC                     000000014000a160 f   DFURequest.obj
 0001:00009190       PostRPC                    000000014000a190 f   DFURequest.obj
 0001:00009220       RPCDnload                  000000014000a220 f   DFURequest.obj
 0001:000092e0       RPCUpload                  000000014000a2e0 f   DFURequest.obj
 0001:000093a0       RPCClrStatus               000000014000a3a0 f   DFURequest.obj
 0001:00009430       RPCAbort                   000000014000a430 f   DFURequest.obj
 0001:000094c0       RPCDetach                  000000014000a4c0 f   DFURequest.obj
 0001:00009860       TestPrivateChannel         000000014000a860 f   DFURequestCOM.obj
 0001:000098a0       AutomaticPassiveBCSP       000000014000a8a0 f   DFURequestCOM.obj
 0001:000098b0       AutomaticActiveBCSP        000000014000a8b0 f   DFURequestCOM.obj
 0001:000098f0       RPCConnect                 000000014000a8f0 f   DFURequestCOM.obj
 0001:000099a0       RPCReset                   000000014000a9a0 f   DFURequestCOM.obj
 0001:00009a70       RPCGetInterfaceDFU         000000014000aa70 f   DFURequestCOM.obj
 0001:00009ae0       RPCGetDevice               000000014000aae0 f   DFURequestCOM.obj
 0001:00009c60       RPCGetFunct                000000014000ac60 f   DFURequestCOM.obj
 0001:00009d90       DFURequestsCOM             000000014000ad90 f   DFURequestCOM.obj
 0001:00009db0       ConnectBCSP                000000014000adb0 f   DFURequestCOM.obj
 0001:00009f80       ControlRequest             000000014000af80 f   DFUTransportCOM.obj
 0001:0000a160       uart_get_next              000000014000b160 f   DFUTransportCOM.obj
 0001:0000a1a0       Test_Printf_Send_Buff      000000014000b1a0 f   DFUTransportCOM.obj
 0001:0000a210       Packet_Rcv_download        000000014000b210 f   DFUTransportCOM.obj
 0001:0000a380       Packet_Rcv                 000000014000b380 f   DFUTransportCOM.obj
 0001:0000a530       sendpdu_download           000000014000b530 f   DFUTransportCOM.obj
 0001:0000a740       BCSPImplementation_Init    000000014000b740 f   bcspimplementation_core.obj
 0001:0000a790       BCSPImplementation_runStack 000000014000b790 f   bcspimplementation_core.obj
 0001:0000aad0       BCSPImplementation_Environment 000000014000bad0 f   bcspimplementation_core.obj
 0001:0000aba0       BCSPImplementation_Test    000000014000bba0 f   bcspimplementation_core.obj
 0001:0000abd0       BCSPImplementation_createBCSPStack 000000014000bbd0 f   bcspimplementation_core.obj
 0001:0000ad30       getBCSPStack               000000014000bd30 f   bcspimplementation_core.obj
 0001:0000ad50       Func_Test                  000000014000bd50 f   bcspimplementation_core.obj
 0001:0000aee0       load_the_stack_buffer      000000014000bee0 f   bcspimplementation_core.obj
 0001:0000af50       ms_clock                   000000014000bf50 f   bcspimplementation_core.obj
 0001:0000af80       BCSP_DATA_RCV              000000014000bf80 f   bcspimplementation_core.obj
 0001:0000b080       onLinkFailSync             000000014000c080 f   bcspimplementation_core.obj
 0001:0000b0c0       onLinkFailRetries          000000014000c0c0 f   bcspimplementation_core.obj
 0001:0000b100       onLinkFailUart             000000014000c100 f   bcspimplementation_core.obj
 0001:0000b130       setOnLinkFailSync          000000014000c130 f   bcspimplementation_core.obj
 0001:0000b160       setOnLinkFailRetries       000000014000c160 f   bcspimplementation_core.obj
 0001:0000b190       setOnLinkFailUart          000000014000c190 f   bcspimplementation_core.obj
 0001:0000b1c0       File_Handle                000000014000c1c0 f   bcspimplementation_core.obj
 0001:0000b370       donwnload                  000000014000c370 f   bcspimplementation_core.obj
 0001:0000b5f0       Thread4                    000000014000c5f0 f   bcspimplementation_core.obj
 0001:0000b6d0       Thread3                    000000014000c6d0 f   bcspimplementation_core.obj
 0001:0000b760       Thread2                    000000014000c760 f   bcspimplementation_core.obj
 0001:0000b7a0       main_run                   000000014000c7a0 f   bcspimplementation_core.obj
 0001:0000b810       BCSPImplementation_deleteBCSP 000000014000c810 f   bcspimplementation_core.obj
 0001:0000b850       uart_next                  000000014000c850 f   bcspimplementation_core.obj
 0001:0000bce0       onPacketToChip             000000014000cce0 f   BCSPTransport.obj
 0001:0000bd00       onPacketFromChip           000000014000cd00 f   BCSPTransport.obj
 0001:0000bd50       processDataFromChip        000000014000cd50 f   BCSPTransport.obj
 0001:0000bd70       sendpdu                    000000014000cd70 f   BCSPTransport.obj
 0001:0000be00       getResendTimeout           000000014000ce00 f   BCSPTransport.obj
 0001:0000be10       getRetryLimit              000000014000ce10 f   BCSPTransport.obj
 0001:0000be20       getTShy                    000000014000ce20 f   BCSPTransport.obj
 0001:0000be30       getTConf                   000000014000ce30 f   BCSPTransport.obj
 0001:0000be40       getConfLimit               000000014000ce40 f   BCSPTransport.obj
 0001:0000be60       getWindowSize              000000014000ce60 f   BCSPTransport.obj
 0001:0000be80       getUseCRC                  000000014000ce80 f   BCSPTransport.obj
 0001:0000bea0       getUseLinkEstablishmentProtocol 000000014000cea0 f   BCSPTransport.obj
 0001:0000bec0       setConfig                  000000014000cec0 f   BCSPTransport.obj
 0001:0000bf30       BCSPTransport_Init         000000014000cf30 f   BCSPTransport.obj
 0001:0000bf50       BCSPTransport              000000014000cf50 f   BCSPTransport.obj
 0001:0000c1d0       com_init                   000000014000d1d0 f   com.obj
 0001:0000c440       com_write                  000000014000d440 f   com.obj
 0001:0000c540       com_put                    000000014000d540 f   com.obj
 0001:0000c630       com_get                    000000014000d630 f   com.obj
 0001:0000c6b0       com_read                   000000014000d6b0 f   com.obj
 0001:0000c750       com_exit                   000000014000d750 f   com.obj
 0001:0000c8f0       Uart_Rcv                   000000014000d8f0 f   main.obj
 0001:0000c9f0       Device_Init                000000014000d9f0 f   main.obj
 0001:0000caa0       main                       000000014000daa0 f   main_0.obj
 0001:0000cb66       QueryPerformanceCounter    000000014000db66 f   kernel32:KERNEL32.dll
 0001:0000cb6c       QueryPerformanceFrequency  000000014000db6c f   kernel32:KERNEL32.dll
 0001:0000cb72       Sleep                      000000014000db72 f   kernel32:KERNEL32.dll
 0001:0000cb78       GetTickCount               000000014000db78 f   kernel32:KERNEL32.dll
 0001:0000cb7e       CreateFileW                000000014000db7e f   kernel32:KERNEL32.dll
 0001:0000cb84       ReadFile                   000000014000db84 f   kernel32:KERNEL32.dll
 0001:0000cb8a       WriteFile                  000000014000db8a f   kernel32:KERNEL32.dll
 0001:0000cb90       CloseHandle                000000014000db90 f   kernel32:KERNEL32.dll
 0001:0000cb96       GetLastError               000000014000db96 f   kernel32:KERNEL32.dll
 0001:0000cb9c       GetCommTimeouts            000000014000db9c f   kernel32:KERNEL32.dll
 0001:0000cba2       SetCommState               000000014000dba2 f   kernel32:KERNEL32.dll
 0001:0000cba8       SetCommTimeouts            000000014000dba8 f   kernel32:KERNEL32.dll
 0001:0000cbae       CreateThread               000000014000dbae f   kernel32:KERNEL32.dll
 0001:0000cbc0       _CRT_RTC_INIT              000000014000dbc0 f   MSVCRTD:_init_.obj
 0001:0000cbd0       _CRT_RTC_INITW             000000014000dbd0 f   MSVCRTD:_init_.obj
 0001:0000cbe0       _RTC_InitBase              000000014000dbe0 f   MSVCRTD:_init_.obj
 0001:0000cc30       _RTC_Shutdown              000000014000dc30 f   MSVCRTD:_init_.obj
 0001:0000cc60       _RTC_AllocaHelper          000000014000dc60 f   MSVCRTD:_stack_.obj
 0001:0000ccb0       _RTC_CheckStackVars        000000014000dcb0 f   MSVCRTD:_stack_.obj
 0001:0000cd60       _RTC_CheckStackVars2       000000014000dd60 f   MSVCRTD:_stack_.obj
 0001:0000ceb0       ??$__vcrt_va_start_verify_argument_type@QEBD@@YAXXZ 000000014000deb0 f i MSVCRTD:_error_.obj
 0001:0000cf90       ?_RTC_AllocaFailure@@YAXPEAXPEAU_RTC_ALLOCA_NODE@@H@Z 000000014000df90 f   MSVCRTD:_error_.obj
 0001:0000d180       ?_RTC_Failure@@YAXPEAXH@Z  000000014000e180 f   MSVCRTD:_error_.obj
 0001:0000d1f0       ?_RTC_StackFailure@@YAXPEAXPEBD@Z 000000014000e1f0 f   MSVCRTD:_error_.obj
 0001:0000d780       _RTC_UninitUse             000000014000e780 f   MSVCRTD:_error_.obj
 0001:0000d8f0       _vsprintf_s_l              000000014000e8f0 f i MSVCRTD:_error_.obj
 0001:0000d970       sprintf_s                  000000014000e970 f i MSVCRTD:_error_.obj
 0001:0000d9c0       __GSHandlerCheck           000000014000e9c0 f   MSVCRTD:_gshandler_.obj
 0001:0000da10       __GSHandlerCheckCommon     000000014000ea10 f   MSVCRTD:_gshandler_.obj
 0001:0000db60       __security_check_cookie    000000014000eb60 f   MSVCRTD:_amdsecgs_.obj
 0001:0000dee0       ?configure_argv@__scrt_narrow_argv_policy@@SAHXZ 000000014000eee0 f i MSVCRTD:exe_main.obj
 0001:0000df00       ?get_app_type@__scrt_main_policy@@SA?AW4_crt_app_type@@XZ 000000014000ef00 f i MSVCRTD:exe_main.obj
 0001:0000df80       mainCRTStartup             000000014000ef80 f   MSVCRTD:exe_main.obj
 0001:0000dfa0       ?_RTC_GetErrorFunc@@YAP6AHHPEBDH00ZZPEBX@Z 000000014000efa0 f   MSVCRTD:_userapi_.obj
 0001:0000dfb0       ?_RTC_GetErrorFuncW@@YAP6AHHPEB_WH00ZZPEBX@Z 000000014000efb0 f   MSVCRTD:_userapi_.obj
 0001:0000dfc0       _RTC_GetErrDesc            000000014000efc0 f   MSVCRTD:_userapi_.obj
 0001:0000dfe0       _RTC_NumErrors             000000014000efe0 f   MSVCRTD:_userapi_.obj
 0001:0000dff0       _RTC_SetErrorFunc          000000014000eff0 f   MSVCRTD:_userapi_.obj
 0001:0000e010       _RTC_SetErrorFuncW         000000014000f010 f   MSVCRTD:_userapi_.obj
 0001:0000e030       _RTC_SetErrorType          000000014000f030 f   MSVCRTD:_userapi_.obj
 0001:0000e680       ?_RTC_GetSrcLine@@YAHPEAEPEA_WKPEAH1K@Z 000000014000f680 f   MSVCRTD:_pdblkup_.obj
 0001:0000ec10       _guard_check_icall         000000014000fc10 f i MSVCRTD:checkcfg.obj
 0001:0000ec30       __raise_securityfailure    000000014000fc30 f   MSVCRTD:gs_report.obj
 0001:0000ec80       __report_gsfailure         000000014000fc80 f   MSVCRTD:gs_report.obj
 0001:0000ed90       __report_rangecheckfailure 000000014000fd90 f   MSVCRTD:gs_report.obj
 0001:0000edb0       __report_securityfailure   000000014000fdb0 f   MSVCRTD:gs_report.obj
 0001:0000ee80       __report_securityfailureEx 000000014000fe80 f   MSVCRTD:gs_report.obj
 0001:0000f180       ??$__crt_fast_decode_pointer@PEAP6AXXZ@@YAPEAP6AXXZQEAP6AXXZ@Z 0000000140010180 f i MSVCRTD:utility.obj
 0001:0000f1d0       ??$__crt_fast_encode_pointer@PEAP6AXXZ@@YAPEAP6AXXZQEAP6AXXZ@Z 00000001400101d0 f i MSVCRTD:utility.obj
 0001:0000f220       ?__crt_rotate_pointer_value@@YA_K_KH@Z 0000000140010220 f i MSVCRTD:utility.obj
 0001:0000f3f0       NtCurrentTeb               00000001400103f0 f i MSVCRTD:utility.obj
 0001:0000f400       __scrt_acquire_startup_lock 0000000140010400 f   MSVCRTD:utility.obj
 0001:0000f480       __scrt_dllmain_after_initialize_c 0000000140010480 f   MSVCRTD:utility.obj
 0001:0000f4c0       __scrt_dllmain_before_initialize_c 00000001400104c0 f   MSVCRTD:utility.obj
 0001:0000f4f0       __scrt_dllmain_crt_thread_attach 00000001400104f0 f   MSVCRTD:utility.obj
 0001:0000f530       __scrt_dllmain_crt_thread_detach 0000000140010530 f   MSVCRTD:utility.obj
 0001:0000f550       __scrt_dllmain_exception_filter 0000000140010550 f   MSVCRTD:utility.obj
 0001:0000f5d0       __scrt_dllmain_uninitialize_c 00000001400105d0 f   MSVCRTD:utility.obj
 0001:0000f610       __scrt_dllmain_uninitialize_critical 0000000140010610 f   MSVCRTD:utility.obj
 0001:0000f630       __scrt_initialize_crt      0000000140010630 f   MSVCRTD:utility.obj
 0001:0000f690       __scrt_initialize_onexit_tables 0000000140010690 f   MSVCRTD:utility.obj
 0001:0000f7d0       __scrt_is_nonwritable_in_current_image 00000001400107d0 f   MSVCRTD:utility.obj
 0001:0000f880       __scrt_release_startup_lock 0000000140010880 f   MSVCRTD:utility.obj
 0001:0000f8c0       __scrt_uninitialize_crt    00000001400108c0 f   MSVCRTD:utility.obj
 0001:0000f910       _onexit                    0000000140010910 f   MSVCRTD:utility.obj
 0001:0000f9c0       at_quick_exit              00000001400109c0 f   MSVCRTD:utility.obj
 0001:0000fa30       atexit                     0000000140010a30 f   MSVCRTD:utility.obj
 0001:0000fa70       __security_init_cookie     0000000140010a70 f   MSVCRTD:gs_support.obj
 0001:0000fbd0       _matherr                   0000000140010bd0 f   MSVCRTD:matherr.obj
 0001:0000fbe0       _get_startup_argv_mode     0000000140010be0 f   MSVCRTD:argv_mode.obj
 0001:0000fbf0       _get_startup_commit_mode   0000000140010bf0 f   MSVCRTD:commit_mode.obj
 0001:0000fc00       _get_startup_file_mode     0000000140010c00 f   MSVCRTD:file_mode.obj
 0001:0000fc10       _get_startup_new_mode      0000000140010c10 f   MSVCRTD:new_mode.obj
 0001:0000fc20       _get_startup_thread_locale_mode 0000000140010c20 f   MSVCRTD:thread_locale.obj
 0001:0000fc30       ?__scrt_initialize_type_info@@YAXXZ 0000000140010c30 f   MSVCRTD:tncleanup.obj
 0001:0000fc50       ?__scrt_uninitialize_type_info@@YAXXZ 0000000140010c50 f   MSVCRTD:tncleanup.obj
 0001:0000fc70       _should_initialize_environment 0000000140010c70 f   MSVCRTD:env_mode.obj
 0001:0000fc80       _initialize_invalid_parameter_handler 0000000140010c80 f   MSVCRTD:invalid_parameter_handler.obj
 0001:0000fc90       _initialize_denormal_control 0000000140010c90 f   MSVCRTD:denormal_control.obj
 0001:0000fca0       __local_stdio_scanf_options 0000000140010ca0 f i MSVCRTD:default_local_stdio_options.obj
 0001:0000fcb0       __scrt_initialize_default_local_stdio_options 0000000140010cb0 f   MSVCRTD:default_local_stdio_options.obj
 0001:0000fd10       __scrt_is_user_matherr_present 0000000140010d10 f   MSVCRTD:matherr_detection.obj
 0001:0000fd40       __scrt_get_dyn_tls_init_callback 0000000140010d40 f   MSVCRTD:dyn_tls_init.obj
 0001:0000fd50       __scrt_get_dyn_tls_dtor_callback 0000000140010d50 f   MSVCRTD:dyn_tls_dtor.obj
 0001:0000fd60       __crt_debugger_hook        0000000140010d60 f   MSVCRTD:utility_desktop.obj
 0001:0000fd80       __scrt_fastfail            0000000140010d80 f   MSVCRTD:utility_desktop.obj
 0001:0000ff80       __scrt_get_show_window_mode 0000000140010f80 f   MSVCRTD:utility_desktop.obj
 0001:0000fff0       __scrt_initialize_winrt    0000000140010ff0 f   MSVCRTD:utility_desktop.obj
 0001:00010000       __scrt_is_managed_app      0000000140011000 f   MSVCRTD:utility_desktop.obj
 0001:000100d0       __scrt_set_unhandled_exception_filter 00000001400110d0 f   MSVCRTD:utility_desktop.obj
 0001:000100f0       __scrt_unhandled_exception_filter 00000001400110f0 f   MSVCRTD:utility_desktop.obj
 0001:00010180       _RTC_Initialize            0000000140011180 f   MSVCRTD:_initsect_.obj
 0001:000101e0       _RTC_Terminate             00000001400111e0 f   MSVCRTD:_initsect_.obj
 0001:00010240       _guard_check_icall_nop     0000000140011240 f i MSVCRTD:guard_support.obj
 0001:00010250       _guard_icall_checks_enforced 0000000140011250 f i MSVCRTD:guard_support.obj
 0001:00010290       __isa_available_init       0000000140011290 f   MSVCRTD:_cpu_disp_.obj
 0001:000106f0       __scrt_is_ucrt_dll_in_use  00000001400116f0 f   MSVCRTD:ucrt_detection.obj
 0001:00010720       memset                     0000000140011720 f   vcruntimed:VCRUNTIME140D.dll
 0001:00010726       memcmp                     0000000140011726 f   vcruntimed:VCRUNTIME140D.dll
 0001:0001072c       memcpy                     000000014001172c f   vcruntimed:VCRUNTIME140D.dll
 0001:00010732       longjmp                    0000000140011732 f   vcruntimed:VCRUNTIME140D.dll
 0001:00010738       __C_specific_handler       0000000140011738 f   vcruntimed:VCRUNTIME140D.dll
 0001:0001073e       __intrinsic_setjmp         000000014001173e f   vcruntimed:VCRUNTIME140D.dll
 0001:0001073e       _setjmp                    000000014001173e f   vcruntimed:VCRUNTIME140D.dll
 0001:00010744       __vcrt_GetModuleFileNameW  0000000140011744 f   vcruntimed:VCRUNTIME140D.dll
 0001:0001074a       __vcrt_GetModuleHandleW    000000014001174a f   vcruntimed:VCRUNTIME140D.dll
 0001:00010750       __vcrt_LoadLibraryExW      0000000140011750 f   vcruntimed:VCRUNTIME140D.dll
 0001:00010756       __std_type_info_destroy_list 0000000140011756 f   vcruntimed:VCRUNTIME140D.dll
 0001:0001075c       __acrt_iob_func            000000014001175c f   ucrtd:ucrtbased.dll
 0001:00010762       fopen                      0000000140011762 f   ucrtd:ucrtbased.dll
 0001:00010768       __stdio_common_vfprintf    0000000140011768 f   ucrtd:ucrtbased.dll
 0001:0001076e       free                       000000014001176e f   ucrtd:ucrtbased.dll
 0001:00010774       malloc                     0000000140011774 f   ucrtd:ucrtbased.dll
 0001:0001077a       calloc                     000000014001177a f   ucrtd:ucrtbased.dll
 0001:00010780       exit                       0000000140011780 f   ucrtd:ucrtbased.dll
 0001:00010786       fread                      0000000140011786 f   ucrtd:ucrtbased.dll
 0001:0001078c       fseek                      000000014001178c f   ucrtd:ucrtbased.dll
 0001:00010792       ftell                      0000000140011792 f   ucrtd:ucrtbased.dll
 0001:00010798       rewind                     0000000140011798 f   ucrtd:ucrtbased.dll
 0001:0001079e       _CrtDbgReport              000000014001179e f   ucrtd:ucrtbased.dll
 0001:000107a4       _CrtDbgReportW             00000001400117a4 f   ucrtd:ucrtbased.dll
 0001:000107aa       __stdio_common_vsprintf_s  00000001400117aa f   ucrtd:ucrtbased.dll
 0001:000107b0       _time32                    00000001400117b0 f   ucrtd:ucrtbased.dll
 0001:000107b0       time                       00000001400117b0 f   ucrtd:ucrtbased.dll
 0001:000107b6       _ctime32                   00000001400117b6 f   ucrtd:ucrtbased.dll
 0001:000107b6       ctime                      00000001400117b6 f   ucrtd:ucrtbased.dll
 0001:000107bc       _seh_filter_exe            00000001400117bc f   ucrtd:ucrtbased.dll
 0001:000107c2       _set_app_type              00000001400117c2 f   ucrtd:ucrtbased.dll
 0001:000107c8       __setusermatherr           00000001400117c8 f   ucrtd:ucrtbased.dll
 0001:000107ce       _configure_narrow_argv     00000001400117ce f   ucrtd:ucrtbased.dll
 0001:000107d4       _initialize_narrow_environment 00000001400117d4 f   ucrtd:ucrtbased.dll
 0001:000107da       _get_initial_narrow_environment 00000001400117da f   ucrtd:ucrtbased.dll
 0001:000107e0       _initterm                  00000001400117e0 f   ucrtd:ucrtbased.dll
 0001:000107e6       _initterm_e                00000001400117e6 f   ucrtd:ucrtbased.dll
 0001:000107ec       _exit                      00000001400117ec f   ucrtd:ucrtbased.dll
 0001:000107f2       _set_fmode                 00000001400117f2 f   ucrtd:ucrtbased.dll
 0001:000107f8       __p___argc                 00000001400117f8 f   ucrtd:ucrtbased.dll
 0001:000107fe       __p___argv                 00000001400117fe f   ucrtd:ucrtbased.dll
 0001:00010804       _cexit                     0000000140011804 f   ucrtd:ucrtbased.dll
 0001:0001080a       _c_exit                    000000014001180a f   ucrtd:ucrtbased.dll
 0001:00010810       _register_thread_local_exe_atexit_callback 0000000140011810 f   ucrtd:ucrtbased.dll
 0001:00010816       _configthreadlocale        0000000140011816 f   ucrtd:ucrtbased.dll
 0001:0001081c       _set_new_mode              000000014001181c f   ucrtd:ucrtbased.dll
 0001:00010822       __p__commode               0000000140011822 f   ucrtd:ucrtbased.dll
 0001:00010828       _wmakepath_s               0000000140011828 f   ucrtd:ucrtbased.dll
 0001:0001082e       _wsplitpath_s              000000014001182e f   ucrtd:ucrtbased.dll
 0001:00010834       wcscpy_s                   0000000140011834 f   ucrtd:ucrtbased.dll
 0001:0001083a       _seh_filter_dll            000000014001183a f   ucrtd:ucrtbased.dll
 0001:00010840       _initialize_onexit_table   0000000140011840 f   ucrtd:ucrtbased.dll
 0001:00010846       _register_onexit_function  0000000140011846 f   ucrtd:ucrtbased.dll
 0001:0001084c       _execute_onexit_table      000000014001184c f   ucrtd:ucrtbased.dll
 0001:00010852       _crt_atexit                0000000140011852 f   ucrtd:ucrtbased.dll
 0001:00010858       _crt_at_quick_exit         0000000140011858 f   ucrtd:ucrtbased.dll
 0001:0001085e       terminate                  000000014001185e f   ucrtd:ucrtbased.dll
 0001:00010864       IsDebuggerPresent          0000000140011864 f   kernel32:KERNEL32.dll
 0001:0001086a       RaiseException             000000014001186a f   kernel32:KERNEL32.dll
 0001:00010870       MultiByteToWideChar        0000000140011870 f   kernel32:KERNEL32.dll
 0001:00010876       WideCharToMultiByte        0000000140011876 f   kernel32:KERNEL32.dll
 0001:0001087c       HeapAlloc                  000000014001187c f   kernel32:KERNEL32.dll
 0001:00010882       HeapFree                   0000000140011882 f   kernel32:KERNEL32.dll
 0001:00010888       GetProcessHeap             0000000140011888 f   kernel32:KERNEL32.dll
 0001:0001088e       VirtualQuery               000000014001188e f   kernel32:KERNEL32.dll
 0001:00010894       FreeLibrary                0000000140011894 f   kernel32:KERNEL32.dll
 0001:0001089a       GetProcAddress             000000014001189a f   kernel32:KERNEL32.dll
 0001:000108a0       RtlCaptureContext          00000001400118a0 f   kernel32:KERNEL32.dll
 0001:000108a6       RtlLookupFunctionEntry     00000001400118a6 f   kernel32:KERNEL32.dll
 0001:000108ac       RtlVirtualUnwind           00000001400118ac f   kernel32:KERNEL32.dll
 0001:000108b2       UnhandledExceptionFilter   00000001400118b2 f   kernel32:KERNEL32.dll
 0001:000108b8       SetUnhandledExceptionFilter 00000001400118b8 f   kernel32:KERNEL32.dll
 0001:000108be       GetCurrentProcess          00000001400118be f   kernel32:KERNEL32.dll
 0001:000108c4       TerminateProcess           00000001400118c4 f   kernel32:KERNEL32.dll
 0001:000108ca       IsProcessorFeaturePresent  00000001400118ca f   kernel32:KERNEL32.dll
 0001:000108d0       GetCurrentProcessId        00000001400118d0 f   kernel32:KERNEL32.dll
 0001:000108d6       GetCurrentThreadId         00000001400118d6 f   kernel32:KERNEL32.dll
 0001:000108dc       GetSystemTimeAsFileTime    00000001400118dc f   kernel32:KERNEL32.dll
 0001:000108e2       InitializeSListHead        00000001400118e2 f   kernel32:KERNEL32.dll
 0001:000108e8       GetStartupInfoW            00000001400118e8 f   kernel32:KERNEL32.dll
 0001:000108ee       GetModuleHandleW           00000001400118ee f   kernel32:KERNEL32.dll
 0001:00010900       __scrt_stub_for_acrt_initialize 0000000140011900 f   MSVCRTD:ucrt_stubs.obj
 0001:00010900       __acrt_initialize          0000000140011900 f   MSVCRTD:ucrt_stubs.obj
 0001:00010900       __vcrt_initialize          0000000140011900 f   MSVCRTD:ucrt_stubs.obj
 0001:00010910       __vcrt_thread_attach       0000000140011910 f   MSVCRTD:ucrt_stubs.obj
 0001:00010910       __scrt_stub_for_acrt_thread_attach 0000000140011910 f   MSVCRTD:ucrt_stubs.obj
 0001:00010910       __acrt_thread_attach       0000000140011910 f   MSVCRTD:ucrt_stubs.obj
 0001:00010920       __vcrt_thread_detach       0000000140011920 f   MSVCRTD:ucrt_stubs.obj
 0001:00010920       __acrt_thread_detach       0000000140011920 f   MSVCRTD:ucrt_stubs.obj
 0001:00010920       __scrt_stub_for_acrt_thread_detach 0000000140011920 f   MSVCRTD:ucrt_stubs.obj
 0001:00010930       __acrt_uninitialize        0000000140011930 f   MSVCRTD:ucrt_stubs.obj
 0001:00010930       __vcrt_uninitialize        0000000140011930 f   MSVCRTD:ucrt_stubs.obj
 0001:00010930       __scrt_stub_for_acrt_uninitialize 0000000140011930 f   MSVCRTD:ucrt_stubs.obj
 0001:00010940       __vcrt_uninitialize_critical 0000000140011940 f   MSVCRTD:ucrt_stubs.obj
 0001:00010940       __acrt_uninitialize_critical 0000000140011940 f   MSVCRTD:ucrt_stubs.obj
 0001:00010940       __scrt_stub_for_acrt_uninitialize_critical 0000000140011940 f   MSVCRTD:ucrt_stubs.obj
 0001:00010950       __scrt_stub_for_is_c_termination_complete 0000000140011950 f   MSVCRTD:ucrt_stubs.obj
 0001:00010950       _is_c_termination_complete 0000000140011950 f   MSVCRTD:ucrt_stubs.obj
 0001:00011680       _guard_dispatch_icall_nop  0000000140012680 f   MSVCRTD:_guard_dispatch_.obj
 0002:00000000       __xc_a                     0000000140015000     MSVCRTD:initializers.obj
 0002:00000220       __xc_z                     0000000140015220     MSVCRTD:initializers.obj
 0002:00000330       __xi_a                     0000000140015330     MSVCRTD:initializers.obj
 0002:00000660       __xi_z                     0000000140015660     MSVCRTD:initializers.obj
 0002:00000770       __xp_a                     0000000140015770     MSVCRTD:initializers.obj
 0002:00000880       __xp_z                     0000000140015880     MSVCRTD:initializers.obj
 0002:00000990       __xt_a                     0000000140015990     MSVCRTD:initializers.obj
 0002:00000aa0       __xt_z                     0000000140015aa0     MSVCRTD:initializers.obj
 0002:00000cb0       crcTable                   0000000140015cb0     crc.obj
 0002:00000d50       defaultEnvironment         0000000140015d50     environment.obj
 0002:00000ec0       defaultStackConfiguration  0000000140015ec0     stackconfiguration.obj
 0002:000014f8       __real@408f400000000000    00000001400164f8     DFUEngineBase.obj
 0002:000024e0       ??_C@_0NN@NGPKDKPD@The?5value?5of?5ESP?5was?5not?5properl@ 00000001400174e0     MSVCRTD:_error_.obj
 0002:000025f0       ??_C@_0BBN@GPMLNJCF@A?5cast?5to?5a?5smaller?5data?5type?5ha@ 00000001400175f0     MSVCRTD:_error_.obj
 0002:00002748       ??_C@_0BN@FFOINMNJ@Stack?5memory?5was?5corrupted?6?$AN?$AA@ 0000000140017748     MSVCRTD:_error_.obj
 0002:00002770       ??_C@_0DG@HKJMLLLP@A?5local?5variable?5was?5used?5before@ 0000000140017770     MSVCRTD:_error_.obj
 0002:000027b0       ??_C@_0CM@NGINOKPC@Stack?5memory?5around?5_alloca?5was?5@ 00000001400177b0     MSVCRTD:_error_.obj
 0002:000027e8       ??_C@_0BO@GNIAFIKK@Unknown?5Runtime?5Check?5Error?6?$AN?$AA@ 00000001400177e8     MSVCRTD:_error_.obj
 0002:00002810       ??_C@_1GM@OLMCBDMB@?$AAR?$AAu?$AAn?$AAt?$AAi?$AAm?$AAe?$AA?5?$AAC?$AAh?$AAe?$AAc?$AAk?$AA?5?$AAE?$AAr?$AAr?$AAo?$AAr?$AA?4?$AA?6?$AA?$AN?$AA?5?$AAU?$AAn?$AAa?$AAb?$AAl?$AAe?$AA?5?$AAt?$AAo@ 0000000140017810     MSVCRTD:_error_.obj
 0002:000028a0       ??_C@_1EA@NFKNIFJP@?$AAR?$AAu?$AAn?$AA?9?$AAT?$AAi?$AAm?$AAe?$AA?5?$AAC?$AAh?$AAe?$AAc?$AAk?$AA?5?$AAF?$AAa?$AAi?$AAl?$AAu?$AAr?$AAe?$AA?5?$AA?$CD?$AA?$CF?$AAd?$AA?5?$AA?9?$AA?5?$AA?$CF?$AAs?$AA?$AA@ 00000001400178a0     MSVCRTD:_error_.obj
 0002:000028f0       ??_C@_0BB@PFFGGCJP@Unknown?5Filename?$AA@ 00000001400178f0     MSVCRTD:_error_.obj
 0002:00002908       ??_C@_0BE@GNBOBNCK@Unknown?5Module?5Name?$AA@ 0000000140017908     MSVCRTD:_error_.obj
 0002:00002920       ??_C@_0CA@IODNCDPG@Run?9Time?5Check?5Failure?5?$CD?$CFd?5?9?5?$CFs?$AA@ 0000000140017920     MSVCRTD:_error_.obj
 0002:00002948       ??_C@_0CG@IAFNJNEE@Stack?5corrupted?5near?5unknown?5var@ 0000000140017948     MSVCRTD:_error_.obj
 0002:00002978       ??_C@_05MKKEDADM@?$CF?42X?5?$AA@ 0000000140017978     MSVCRTD:_error_.obj
 0002:00002980       ??_C@_0EJ@LJKNEOLN@Stack?5area?5around?5_alloca?5memory@ 0000000140017980     MSVCRTD:_error_.obj
 0002:000029d8       ??_C@_08OMAHNMHJ@?6Data?3?5?$DM?$AA@ 00000001400179d8     MSVCRTD:_error_.obj
 0002:000029e8       ??_C@_0CK@DKGBICFE@?6Allocation?5number?5within?5this?5f@ 00000001400179e8     MSVCRTD:_error_.obj
 0002:00002a20       ??_C@_07DFDJCKFN@?6Size?3?5?$AA@ 0000000140017a20     MSVCRTD:_error_.obj
 0002:00002a30       ??_C@_0N@MHFFIMFG@?6Address?3?50x?$AA@ 0000000140017a30     MSVCRTD:_error_.obj
 0002:00002a40       ??_C@_0EI@CLEPFNGI@Stack?5area?5around?5_alloca?5memory@ 0000000140017a40     MSVCRTD:_error_.obj
 0002:00002a98       ??_C@_0BC@HHMKLAND@?$CFs?$CFs?$CFp?$CFs?$CFzd?$CFs?$CFd?$CFs?$AA@ 0000000140017a98     MSVCRTD:_error_.obj
 0002:00002ab0       ??_C@_01EEMJAFIK@?6?$AA@   0000000140017ab0     MSVCRTD:_error_.obj
 0002:00002ab4       ??_C@_02LLMPMKNF@?$DO?5?$AA@ 0000000140017ab4     MSVCRTD:_error_.obj
 0002:00002ab8       ??_C@_08KJEDNCKC@?$CFs?$CFs?$CFs?$CFs?$AA@ 0000000140017ab8     MSVCRTD:_error_.obj
 0002:00002ac8       ??_C@_0DE@OHJBPMBP@A?5variable?5is?5being?5used?5without@ 0000000140017ac8     MSVCRTD:_error_.obj
 0002:00002b38       ??_C@_0BJ@HEGAHDFO@Stack?5pointer?5corruption?$AA@ 0000000140017b38     MSVCRTD:_userapi_.obj
 0002:00002b58       ??_C@_0CK@FEGOIOPB@Cast?5to?5smaller?5type?5causing?5los@ 0000000140017b58     MSVCRTD:_userapi_.obj
 0002:00002b90       ??_C@_0BI@CIGMDCBH@Stack?5memory?5corruption?$AA@ 0000000140017b90     MSVCRTD:_userapi_.obj
 0002:00002bb0       ??_C@_0CK@CNLNOEPB@Local?5variable?5used?5before?5initi@ 0000000140017bb0     MSVCRTD:_userapi_.obj
 0002:00002be8       ??_C@_0BP@OGBCLIBO@Stack?5around?5_alloca?5corrupted?$AA@ 0000000140017be8     MSVCRTD:_userapi_.obj
 0002:00002c80       ??_C@_1EI@MLPKHBGE@?$AAa?$AAp?$AAi?$AA?9?$AAm?$AAs?$AA?9?$AAw?$AAi?$AAn?$AA?9?$AAc?$AAo?$AAr?$AAe?$AA?9?$AAr?$AAe?$AAg?$AAi?$AAs?$AAt?$AAr?$AAy?$AA?9?$AAl?$AA1?$AA?9?$AA1?$AA?9?$AA0?$AA?4@ 0000000140017c80     MSVCRTD:_pdblkup_.obj
 0002:00002cd8       ??_C@_1BK@JHLNAEJL@?$AAa?$AAd?$AAv?$AAa?$AAp?$AAi?$AA3?$AA2?$AA?4?$AAd?$AAl?$AAl?$AA?$AA@ 0000000140017cd8     MSVCRTD:_pdblkup_.obj
 0002:00002cf8       ??_C@_0O@COHOBMLB@RegOpenKeyExW?$AA@ 0000000140017cf8     MSVCRTD:_pdblkup_.obj
 0002:00002d08       ??_C@_0BB@GLNAEDBD@RegQueryValueExW?$AA@ 0000000140017d08     MSVCRTD:_pdblkup_.obj
 0002:00002d20       ??_C@_0M@HLOHPNFA@RegCloseKey?$AA@ 0000000140017d20     MSVCRTD:_pdblkup_.obj
 0002:00002d30       ??_C@_1HE@EBEAGLFB@?$AAS?$AAO?$AAF?$AAT?$AAW?$AAA?$AAR?$AAE?$AA?2?$AAW?$AAo?$AAw?$AA6?$AA4?$AA3?$AA2?$AAN?$AAo?$AAd?$AAe?$AA?2?$AAM?$AAi?$AAc?$AAr?$AAo?$AAs?$AAo?$AAf?$AAt?$AA?2?$AAV@ 0000000140017d30     MSVCRTD:_pdblkup_.obj
 0002:00002dc0       ??_C@_1BG@EABPBLLF@?$AAP?$AAr?$AAo?$AAd?$AAu?$AAc?$AAt?$AAD?$AAi?$AAr?$AA?$AA@ 0000000140017dc0     MSVCRTD:_pdblkup_.obj
 0002:00002e08       ??_C@_1BC@JINFINNJ@?$AAM?$AAS?$AAP?$AAD?$AAB?$AA1?$AA4?$AA0?$AA?$AA@ 0000000140017e08     MSVCRTD:_pdblkup_.obj
 0002:00002e20       ??_C@_0BB@KCIACLNC@PDBOpenValidate5?$AA@ 0000000140017e20     MSVCRTD:_pdblkup_.obj
 0002:00002e34       ??_C@_01KDCPPGHE@r?$AA@    0000000140017e34     MSVCRTD:_pdblkup_.obj
 0002:00002e90       _load_config_used          0000000140017e90     MSVCRTD:loadcfg.obj
 0002:00003228       __rtc_iaa                  0000000140018228     MSVCRTD:_initsect_.obj
 0002:000036a8       __rtc_izz                  00000001400186a8     MSVCRTD:_initsect_.obj
 0002:000037b8       __rtc_taa                  00000001400187b8     MSVCRTD:_initsect_.obj
 0002:00003c38       __rtc_tzz                  0000000140018c38     MSVCRTD:_initsect_.obj
 0003:00000004       BCSPdebugMask              000000014001a004     btrace.obj
 0003:000009f0       download_file8             000000014001a9f0     DFUEngineBase.obj
 0003:00000a00       download_file              000000014001aa00     DFUEngineBase.obj
 0003:00000e00       download_file1             000000014001ae00     DFUEngineBase.obj
 0003:00000ee0       download_file3             000000014001aee0     DFUEngineBase.obj
 0003:00001380       uart_get                   000000014001b380     DFUTransportCOM.obj
 0003:000013a0       reply_test                 000000014001b3a0     DFUTransportCOM.obj
 0003:00001418       uart_handle                000000014001b418     bcspimplementation_core.obj
 0003:00001420       BlockNum                   000000014001b420     bcspimplementation_core.obj
 0003:00001424       BufferLength               000000014001b424     bcspimplementation_core.obj
 0003:00001428       abuff                      000000014001b428     bcspimplementation_core.obj
 0003:00001488       sync_data                  000000014001b488     bcspimplementation_core.obj
 0003:00001498       download_file_path         000000014001b498     bcspimplementation_core.obj
 0003:00001618       GetStatus_data             000000014001b618     bcspimplementation_core.obj
 0003:00001630       GetFunct_data              000000014001b630     bcspimplementation_core.obj
 0003:00001878       uart_ptr                   000000014001b878     main.obj
 0003:00001880       uart_end                   000000014001b880     main.obj
 0003:00001888       ComName                    000000014001b888     main.obj
 0003:000018b0       ?_RTC_ErrorLevels@@3PAHA   000000014001b8b0     MSVCRTD:_error_.obj
 0003:000018d0       __security_cookie          000000014001b8d0     MSVCRTD:gs_cookie.obj
 0003:000018d8       __security_cookie_complement 000000014001b8d8     MSVCRTD:gs_cookie.obj
 0003:000018e4       _fltused                   000000014001b8e4     MSVCRTD:dllsupp.obj
 0003:000018e8       __scrt_native_dllmain_reason 000000014001b8e8     MSVCRTD:utility.obj
 0003:000018ec       __scrt_default_matherr     000000014001b8ec     MSVCRTD:matherr.obj
 0003:000018f0       __isa_available            000000014001b8f0     MSVCRTD:_cpu_disp_.obj
 0003:000018f4       __isa_enabled              000000014001b8f4     MSVCRTD:_cpu_disp_.obj
 0003:000018f8       __memcpy_nt_iters          000000014001b8f8     MSVCRTD:_cpu_disp_.obj
 0003:00001910       __scrt_ucrt_dll_is_in_use  000000014001b910     MSVCRTD:ucrt_stubs.obj
 0003:00001a40       BCSPDebugLog               000000014001ba40     btrace.obj
 0003:00001a48       BCSPDebugID                000000014001ba48     btrace.obj
 0003:00001a53       connected                  000000014001ba53     DFURequest.obj
 0003:00001a54       download_file_len          000000014001ba54     <common>
 0003:00001a58       t                          000000014001ba58     <common>
 0003:00001a60       DFU_PACKET_END             000000014001ba60     DFUTransportCOM.obj
 0003:00001a61       DFU_FILE_END               000000014001ba61     DFUTransportCOM.obj
 0003:00001a70       PayLoad_Buff               000000014001ba70     DFUTransportCOM.obj
 0003:00001e90       download_file_buf          000000014001be90     <common>
 0003:00001ea0       descriptor                 000000014001bea0     <common>
 0003:00001f60       LinkEstablishment_Flag     000000014001bf60     bcspimplementation_core.obj
 0003:00001f61       Packet_Rcv_Flag            000000014001bf61     bcspimplementation_core.obj
 0003:00001f68       uart_get_data              000000014001bf68     bcspimplementation_core.obj
 0003:00001f90       pkt_buff                   000000014001bf90     bcspimplementation_core.obj
 0003:00002398       rcv_count                  000000014001c398     bcspimplementation_core.obj
 0003:000024c0       _buffers                   000000014001c4c0     BCSPTransport.obj
 0003:0000255c       SYSTEM_TIME                000000014001c55c     main.obj
 0003:00002560       set_event                  000000014001c560     main.obj
 0003:00002561       sendpdu_flag               000000014001c561     main.obj
 0003:00002562       uart_data                  000000014001c562     main.obj
 0003:00002568       ?_OptionsStorage@?1??__local_stdio_printf_options@@9@4_KA 000000014001c568     MSVCRTD:_error_.obj
 0003:00002c28       __scrt_current_native_startup_state 000000014001cc28     MSVCRTD:utility.obj
 0003:00002c30       __scrt_native_startup_lock 000000014001cc30     MSVCRTD:utility.obj
 0003:00002c80       ?__type_info_root_node@@3U__type_info_node@@A 000000014001cc80     MSVCRTD:tncleanup.obj
 0003:00002c98       ?_OptionsStorage@?1??__local_stdio_scanf_options@@9@4_KA 000000014001cc98     MSVCRTD:default_local_stdio_options.obj
 0003:00002ca4       __scrt_debugger_hook_flag  000000014001cca4     MSVCRTD:utility_desktop.obj
 0003:00002ca8       __favor                    000000014001cca8     MSVCRTD:_cpu_disp_.obj
 0003:00002cc0       uart_buf                   000000014001ccc0     <common>
 0003:00002d68       hCOMHnd                    000000014001cd68     <common>
 0003:00002d7c       dwError                    000000014001cd7c     <common>
 0003:00002d80       info                       000000014001cd80     <common>
 0003:00002e00       req                        000000014001ce00     <common>
 0003:00002e20       bcsptransport              000000014001ce20     <common>
 0003:00003020       bcspImplementation         000000014001d020     <common>
 0003:00003280       sync                       000000014001d280     <common>
 0003:00003290       protocol                   000000014001d290     <common>
 0003:000032a0       dfuInterfaceDescriptor     000000014001d2a0     <common>
 0003:000032b8       ?_OptionsStorage@?1??__local_stdio_printf_options@@9@9 000000014001d2b8     <common>
 0003:000032d0       __dyn_tls_dtor_callback    000000014001d2d0     <common>
 0003:000032e8       __dyn_tls_init_callback    000000014001d2e8     <common>
 0005:00000000       __imp_QueryPerformanceCounter 0000000140020000     kernel32:KERNEL32.dll
 0005:00000008       __imp_QueryPerformanceFrequency 0000000140020008     kernel32:KERNEL32.dll
 0005:00000010       __imp_Sleep                0000000140020010     kernel32:KERNEL32.dll
 0005:00000018       __imp_GetTickCount         0000000140020018     kernel32:KERNEL32.dll
 0005:00000020       __imp_CreateFileW          0000000140020020     kernel32:KERNEL32.dll
 0005:00000028       __imp_ReadFile             0000000140020028     kernel32:KERNEL32.dll
 0005:00000030       __imp_WriteFile            0000000140020030     kernel32:KERNEL32.dll
 0005:00000038       __imp_CloseHandle          0000000140020038     kernel32:KERNEL32.dll
 0005:00000040       __imp_GetLastError         0000000140020040     kernel32:KERNEL32.dll
 0005:00000048       __imp_GetCommTimeouts      0000000140020048     kernel32:KERNEL32.dll
 0005:00000050       __imp_SetCommState         0000000140020050     kernel32:KERNEL32.dll
 0005:00000058       __imp_SetCommTimeouts      0000000140020058     kernel32:KERNEL32.dll
 0005:00000060       __imp_CreateThread         0000000140020060     kernel32:KERNEL32.dll
 0005:00000068       __imp_GetStartupInfoW      0000000140020068     kernel32:KERNEL32.dll
 0005:00000070       __imp_InitializeSListHead  0000000140020070     kernel32:KERNEL32.dll
 0005:00000078       __imp_GetSystemTimeAsFileTime 0000000140020078     kernel32:KERNEL32.dll
 0005:00000080       __imp_GetCurrentThreadId   0000000140020080     kernel32:KERNEL32.dll
 0005:00000088       __imp_GetCurrentProcessId  0000000140020088     kernel32:KERNEL32.dll
 0005:00000090       __imp_IsProcessorFeaturePresent 0000000140020090     kernel32:KERNEL32.dll
 0005:00000098       __imp_TerminateProcess     0000000140020098     kernel32:KERNEL32.dll
 0005:000000a0       __imp_GetCurrentProcess    00000001400200a0     kernel32:KERNEL32.dll
 0005:000000a8       __imp_SetUnhandledExceptionFilter 00000001400200a8     kernel32:KERNEL32.dll
 0005:000000b0       __imp_UnhandledExceptionFilter 00000001400200b0     kernel32:KERNEL32.dll
 0005:000000b8       __imp_RtlVirtualUnwind     00000001400200b8     kernel32:KERNEL32.dll
 0005:000000c0       __imp_RtlLookupFunctionEntry 00000001400200c0     kernel32:KERNEL32.dll
 0005:000000c8       __imp_RtlCaptureContext    00000001400200c8     kernel32:KERNEL32.dll
 0005:000000d0       __imp_GetProcAddress       00000001400200d0     kernel32:KERNEL32.dll
 0005:000000d8       __imp_FreeLibrary          00000001400200d8     kernel32:KERNEL32.dll
 0005:000000e0       __imp_VirtualQuery         00000001400200e0     kernel32:KERNEL32.dll
 0005:000000e8       __imp_GetProcessHeap       00000001400200e8     kernel32:KERNEL32.dll
 0005:000000f0       __imp_HeapFree             00000001400200f0     kernel32:KERNEL32.dll
 0005:000000f8       __imp_HeapAlloc            00000001400200f8     kernel32:KERNEL32.dll
 0005:00000100       __imp_WideCharToMultiByte  0000000140020100     kernel32:KERNEL32.dll
 0005:00000108       __imp_MultiByteToWideChar  0000000140020108     kernel32:KERNEL32.dll
 0005:00000110       __imp_RaiseException       0000000140020110     kernel32:KERNEL32.dll
 0005:00000118       __imp_IsDebuggerPresent    0000000140020118     kernel32:KERNEL32.dll
 0005:00000120       __imp_GetModuleHandleW     0000000140020120     kernel32:KERNEL32.dll
 0005:00000128       \177KERNEL32_NULL_THUNK_DATA 0000000140020128     kernel32:KERNEL32.dll
 0005:000001b8       __imp_memset               00000001400201b8     vcruntimed:VCRUNTIME140D.dll
 0005:000001c0       __imp_memcpy               00000001400201c0     vcruntimed:VCRUNTIME140D.dll
 0005:000001c8       __imp_longjmp              00000001400201c8     vcruntimed:VCRUNTIME140D.dll
 0005:000001d0       __imp___C_specific_handler 00000001400201d0     vcruntimed:VCRUNTIME140D.dll
 0005:000001d8       __imp___intrinsic_setjmp   00000001400201d8     vcruntimed:VCRUNTIME140D.dll
 0005:000001e0       __imp___vcrt_GetModuleFileNameW 00000001400201e0     vcruntimed:VCRUNTIME140D.dll
 0005:000001e8       __imp___vcrt_GetModuleHandleW 00000001400201e8     vcruntimed:VCRUNTIME140D.dll
 0005:000001f0       __imp___vcrt_LoadLibraryExW 00000001400201f0     vcruntimed:VCRUNTIME140D.dll
 0005:000001f8       __imp___std_type_info_destroy_list 00000001400201f8     vcruntimed:VCRUNTIME140D.dll
 0005:00000200       __imp_memcmp               0000000140020200     vcruntimed:VCRUNTIME140D.dll
 0005:00000208       \177VCRUNTIME140D_NULL_THUNK_DATA 0000000140020208     vcruntimed:VCRUNTIME140D.dll
 0005:00000270       __imp__exit                0000000140020270     ucrtd:ucrtbased.dll
 0005:00000278       __imp__set_fmode           0000000140020278     ucrtd:ucrtbased.dll
 0005:00000280       __imp___p___argc           0000000140020280     ucrtd:ucrtbased.dll
 0005:00000288       __imp___p___argv           0000000140020288     ucrtd:ucrtbased.dll
 0005:00000290       __imp__cexit               0000000140020290     ucrtd:ucrtbased.dll
 0005:00000298       __imp__c_exit              0000000140020298     ucrtd:ucrtbased.dll
 0005:000002a0       __imp__register_thread_local_exe_atexit_callback 00000001400202a0     ucrtd:ucrtbased.dll
 0005:000002a8       __imp__configthreadlocale  00000001400202a8     ucrtd:ucrtbased.dll
 0005:000002b0       __imp__set_new_mode        00000001400202b0     ucrtd:ucrtbased.dll
 0005:000002b8       __imp___p__commode         00000001400202b8     ucrtd:ucrtbased.dll
 0005:000002c0       __imp__wmakepath_s         00000001400202c0     ucrtd:ucrtbased.dll
 0005:000002c8       __imp__wsplitpath_s        00000001400202c8     ucrtd:ucrtbased.dll
 0005:000002d0       __imp_wcscpy_s             00000001400202d0     ucrtd:ucrtbased.dll
 0005:000002d8       __imp__seh_filter_dll      00000001400202d8     ucrtd:ucrtbased.dll
 0005:000002e0       __imp__initialize_onexit_table 00000001400202e0     ucrtd:ucrtbased.dll
 0005:000002e8       __imp__register_onexit_function 00000001400202e8     ucrtd:ucrtbased.dll
 0005:000002f0       __imp__initterm_e          00000001400202f0     ucrtd:ucrtbased.dll
 0005:000002f8       __imp__crt_atexit          00000001400202f8     ucrtd:ucrtbased.dll
 0005:00000300       __imp__crt_at_quick_exit   0000000140020300     ucrtd:ucrtbased.dll
 0005:00000308       __imp_terminate            0000000140020308     ucrtd:ucrtbased.dll
 0005:00000310       __imp__CrtDbgReport        0000000140020310     ucrtd:ucrtbased.dll
 0005:00000318       __imp_rewind               0000000140020318     ucrtd:ucrtbased.dll
 0005:00000320       __imp_ftell                0000000140020320     ucrtd:ucrtbased.dll
 0005:00000328       __imp_fseek                0000000140020328     ucrtd:ucrtbased.dll
 0005:00000330       __imp_fread                0000000140020330     ucrtd:ucrtbased.dll
 0005:00000338       __imp_exit                 0000000140020338     ucrtd:ucrtbased.dll
 0005:00000340       __imp_calloc               0000000140020340     ucrtd:ucrtbased.dll
 0005:00000348       __imp_malloc               0000000140020348     ucrtd:ucrtbased.dll
 0005:00000350       __imp_free                 0000000140020350     ucrtd:ucrtbased.dll
 0005:00000358       __imp___stdio_common_vfprintf 0000000140020358     ucrtd:ucrtbased.dll
 0005:00000360       __imp_fopen                0000000140020360     ucrtd:ucrtbased.dll
 0005:00000368       __imp___acrt_iob_func      0000000140020368     ucrtd:ucrtbased.dll
 0005:00000370       __imp__CrtDbgReportW       0000000140020370     ucrtd:ucrtbased.dll
 0005:00000378       __imp__get_initial_narrow_environment 0000000140020378     ucrtd:ucrtbased.dll
 0005:00000380       __imp__initialize_narrow_environment 0000000140020380     ucrtd:ucrtbased.dll
 0005:00000388       __imp__configure_narrow_argv 0000000140020388     ucrtd:ucrtbased.dll
 0005:00000390       __imp___setusermatherr     0000000140020390     ucrtd:ucrtbased.dll
 0005:00000398       __imp__set_app_type        0000000140020398     ucrtd:ucrtbased.dll
 0005:000003a0       __imp__seh_filter_exe      00000001400203a0     ucrtd:ucrtbased.dll
 0005:000003a8       __imp__ctime32             00000001400203a8     ucrtd:ucrtbased.dll
 0005:000003b0       __imp__time32              00000001400203b0     ucrtd:ucrtbased.dll
 0005:000003b8       __imp__execute_onexit_table 00000001400203b8     ucrtd:ucrtbased.dll
 0005:000003c0       __imp___stdio_common_vsprintf_s 00000001400203c0     ucrtd:ucrtbased.dll
 0005:000003c8       __imp__initterm            00000001400203c8     ucrtd:ucrtbased.dll
 0005:000003d0       \177ucrtbased_NULL_THUNK_DATA 00000001400203d0     ucrtd:ucrtbased.dll
 0005:00000468       __IMPORT_DESCRIPTOR_KERNEL32 0000000140020468     kernel32:KERNEL32.dll
 0005:0000047c       __IMPORT_DESCRIPTOR_VCRUNTIME140D 000000014002047c     vcruntimed:VCRUNTIME140D.dll
 0005:00000490       __IMPORT_DESCRIPTOR_ucrtbased 0000000140020490     ucrtd:ucrtbased.dll
 0005:000004a4       __NULL_IMPORT_DESCRIPTOR   00000001400204a4     kernel32:KERNEL32.dll
 0007:00000000       __guard_check_icall_fptr   0000000140023000     MSVCRTD:guard_support.obj
 0007:00000010       __guard_dispatch_icall_fptr 0000000140023010     MSVCRTD:guard_support.obj
